I'm sorry, but errors were detected in your script. Please correct the
errors listed below, and try again.


The label changeBar is defined twice, at File "game/hud.rpyc", line 86:

and File "game/relationship.rpy", line 86:
label changeBar(changeValue):


Ren'Py Version: Ren'Py 8.0.3.22090809
Sat Nov 26 17:48:49 2022
